[2026-08-25 13:14:19] ✅ Terhubung ke RPC: https://mainnet.base.org
[2026-08-25 13:14:19] ✅ Dompet: 0x4b7CDA9204C30B35ee0dA641CB10bcC7A506baA1

[2026-08-25 13:14:20] 📍 Pool V4 PoolId: 0x0df71e3ae4...979aab68

[2026-08-25 13:14:20] ════════════════════════════════════════════════════════════
[2026-08-25 13:14:20]   🤖  BASE AUTO-SELL TOKEN BOT
[2026-08-25 13:14:20] ════════════════════════════════════════════════════════════
[2026-08-25 13:14:20]   Token   : ANIMO (Animo Collector)
[2026-08-25 13:14:20]   Wallet  : 0x4b7CDA...06baA1
[2026-08-25 13:14:20]   ETH Bal : 0.005648 ETH
[2026-08-25 13:14:20]   Saldo   : 249,655,416.386878 ANIMO
[2026-08-25 13:14:20]   DEX     : Uniswap V4
[2026-08-25 13:14:20]   Pool    : 0x0df71e3ae4...979aab68
[2026-08-25 13:14:20]   Jual    : 98% dari pembelian
[2026-08-25 13:14:20]   Slippage: 2.5%  |  Poll: 1.0s
[2026-08-25 13:14:20] ────────────────────────────────────────────────────────────
[2026-08-25 13:14:20] ✅ Token sudah memiliki allowance.
[2026-08-25 13:14:20] 🔄 Mengirim transaksi persetujuan (Approve) Permit2 untuk Universal Router...
[2026-08-25 13:14:20] 💸 Approve Permit2 ke UR dikirim! Hash: 0x482ed878...0f2fdb
[2026-08-25 13:14:20] ✅ Token ini sudah memiliki izin Permit2 (Universal Router).
[2026-08-25 13:14:20] Memantau dari blok 50,424,556... (STOP untuk berhenti)

[2026-08-25 13:15:17] 📡 Memantau Blok: 50,424,585 | Total sell: 0 ...

[2026-08-25 13:15:18] 🔥 BUY TERDETEKSI tx: 0xce518f1c...
[2026-08-25 13:15:18]    Dibeli : 305.908097 ANIMO (0.00007992 ETH)
[2026-08-25 13:15:19]    Estimasi Pembelian : ~$0.2004 USD
[2026-08-25 13:15:19]    Saldo   : 249655416.386878 ANIMO
[2026-08-25 13:15:19]    Jual    : 299.789935 ANIMO (98% dari buy  ≈$0.1964 USD)
[2026-08-25 13:15:19]    Kirim transaksi...
[2026-08-25 13:15:20] 🛒 Mempersiapkan penjualan 299.789935 ANIMO (0.00012008148628396755% dari total saldo)...
[2026-08-25 13:15:20] 🚀 Mengirim transaksi swap...
[2026-08-25 13:15:21] 💸 Transaksi swap dikirim! Hash: 0x87f3e68fc2be67ca3a6be8251800d8b80aebf2806cc19f7b5fedce364d2819bd
[2026-08-25 13:15:21] ⏳ Menunggu konfirmasi...
[2026-08-25 13:15:22] 🎉 SUKSES! Berhasil menjual 299.789935 ANIMO.
[2026-08-25 13:15:22]     ✅ SUKSES sell #1  ≈$0.1964 dari buy ≈$0.2004

[2026-08-25 14:28:17] 📡 Memantau Blok: 50,426,775 | Total sell: 1 .  

SYSTEM: Bot stopped by user (JS Native)
