[2026-09-09 13:51:38] ✅ Terhubung ke RPC: https://mainnet.base.org
[2026-09-09 13:51:38] ✅ Dompet: 0xe62B8F16545Fd1cD57423a6d75E18f5bf4A638ce

[2026-09-09 13:51:38] 📍 Pool V4 PoolId: 0xd86e90c4e6...27e2ab2b

[2026-09-09 13:51:38] ════════════════════════════════════════════════════════════
[2026-09-09 13:51:38]   🤖  BASE AUTO-SELL TOKEN BOT
[2026-09-09 13:51:38] ════════════════════════════════════════════════════════════
[2026-09-09 13:51:38]   Token   : Unknown (Base Company Oil Project)
[2026-09-09 13:51:38]   Wallet  : 0xe62B8F...A638ce
[2026-09-09 13:51:38]   ETH Bal : 0.022283 ETH
[2026-09-09 13:51:38]   Saldo   : 0.00 Unknown
[2026-09-09 13:51:38]   DEX     : Uniswap V4
[2026-09-09 13:51:38]   Pool    : 0xd86e90c4e6...27e2ab2b
[2026-09-09 13:51:38]   Jual    : 98% dari pembelian
[2026-09-09 13:51:38]   Slippage: 2.5%  |  Poll: 1.0s
[2026-09-09 13:51:38] ────────────────────────────────────────────────────────────
[2026-09-09 13:51:57] ✅ Token sudah memiliki allowance ke Permit2.
[2026-09-09 13:51:58] ✅ Token sudah memiliki izin Permit2 (Universal Router V4).
[2026-09-09 13:51:58] Memantau dari blok 51,073,685... (STOP untuk berhenti)

[2026-09-09 14:14:22] 📡 Memantau Blok: 51,074,357 | Total sell: 0 .. 
[2026-09-09 16:25:27] ❌ ERROR: Gagal mengambil getLogs: request timeout (code=TIMEOUT, version=6.17.0)
[2026-09-09 16:25:28] ❌ ERROR: Koneksi RPC terputus (request timeout (code=TIMEOUT, version=6.17.0)...).
[2026-09-09 16:25:28] 🔄 RPC Error terdeteksi! Merotasi ke RPC: https://base-mainnet.g.alchemy.com/public
[2026-09-09 16:25:28] ❌ ERROR: Gagal merotasi RPC: dex is not defined
[2026-09-09 16:25:31] ❌ ERROR: Kesalahan saat memantau: getaddrinfo ENOTFOUND base-mainnet.g.alchemy.com
[2026-09-09 16:25:32] ❌ ERROR: Kesalahan saat memantau: getaddrinfo ENOTFOUND base-mainnet.g.alchemy.com
[2026-09-09 16:25:33] 📡 Memantau Blok: 51,078,292 | Total sell: 0 .. 
[2026-09-09 16:25:33] ❌ ERROR: Gagal mengambil getLogs: server response 400 Bad Request (request={  }, response={  }, error=null, info={ "requestUrl": "https://base-mainnet.g.alchemy.com/public", "responseBody": "{\"jsonrpc\":\"2.0\",\"id\":4,\"error\":{\"code\":-32600,\"message\":\"You can make eth_getLogs requests with up to a 100 block range. Based on your parameters, this block range should work: [0x30b5536, 0x30b5599]\"}}", "responseStatus": "400 Bad Request" }, code=SERVER_ERROR, version=6.17.0)
[2026-09-09 16:25:33] ❌ ERROR: Koneksi RPC terputus (server response 400 Bad Request (request={  }, res...).
[2026-09-09 16:25:33] 🔄 RPC Error terdeteksi! Merotasi ke RPC: https://mainnet.base.org
[2026-09-09 16:25:33] ❌ ERROR: Gagal merotasi RPC: dex is not defined
[2026-09-09 16:27:19] 📡 Memantau Blok: 51,078,346 | Total sell: 0 .  
[2026-09-09 16:27:21] 🛑 Bot dihentikan secara manual.
