[2026-08-25 13:03:25] ✅ Terhubung ke RPC: https://mainnet.base.org
[2026-08-25 13:03:25] ✅ Dompet: 0xb746c026656Ae2910F85CBdb607C739b04A8108c

[2026-08-25 13:03:25] 📍 Pool V4 PoolId: 0x5f3337f3c7...09648d22

[2026-08-25 13:03:25] ════════════════════════════════════════════════════════════
[2026-08-25 13:03:25]   🤖  BASE AUTO-SELL TOKEN BOT
[2026-08-25 13:03:25] ════════════════════════════════════════════════════════════
[2026-08-25 13:03:25]   Token   : Unknown (Unknown)
[2026-08-25 13:03:25]   Wallet  : 0xb746c0...A8108c
[2026-08-25 13:03:25]   ETH Bal : 0.000317 ETH
[2026-08-25 13:03:25]   Saldo   : 0.00 Unknown
[2026-08-25 13:03:25]   DEX     : Uniswap V4
[2026-08-25 13:03:25]   Pool    : 0x5f3337f3c7...09648d22
[2026-08-25 13:03:25]   Jual    : 100% dari pembelian
[2026-08-25 13:03:25]   Slippage: 30%  |  Poll: 1.0s
[2026-08-25 13:03:25] ────────────────────────────────────────────────────────────
[2026-08-25 13:03:30] ✅ Token sudah memiliki allowance.
[2026-08-25 13:03:30] 🔄 Mengirim transaksi persetujuan (Approve) Permit2 untuk Universal Router...
[2026-08-25 13:03:30] 💸 Approve Permit2 ke UR dikirim! Hash: 0xa245cde6...d9ab5c
[2026-08-25 13:03:30] ✅ Token ini sudah memiliki izin Permit2 (Universal Router).
[2026-08-25 13:03:30] Memantau dari blok 50,424,232... (STOP untuk berhenti)

[2026-08-25 13:06:13] 📡 Memantau Blok: 50,424,313 | Total sell: 0 .. 

[2026-08-25 13:06:14] 🔥 BUY TERDETEKSI tx: 0x20f9f6ee...
[2026-08-25 13:06:14]    Dibeli : 4938.292394 ADALAH (0.00000991 ETH)
[2026-08-25 13:06:14]    Estimasi Pembelian : ~$0.0249 USD
[2026-08-25 13:06:15]    Saldo   : 250004938.291566 ADALAH
[2026-08-25 13:06:15]    Jual    : 4938.292394 ADALAH (100% dari buy  ≈$0.0249 USD)
[2026-08-25 13:06:15]    Kirim transaksi...
[2026-08-25 13:06:21] 🛒 Mempersiapkan penjualan 4938.292394 ADALAH (0.001975277939477805% dari total saldo)...
[2026-08-25 13:06:21] ⚠️ Estimasi gas gagal. Menggunakan default gas limit.
[2026-08-25 13:06:21] 🚀 Mengirim transaksi swap...
[2026-08-25 13:06:22] 💸 Transaksi swap dikirim! Hash: 0xa30938e416fba543c523cc2a1f7c5d9f335f3e7259f3577d1407e2e4415b60fd
[2026-08-25 13:06:22] ⏳ Menunggu konfirmasi...
[2026-08-25 13:06:23] ❌ ERROR: Terjadi kesalahan saat memproses swap: transaction execution reverted (action="sendTransaction", data=null, reason=null, invocation=null, revert=null, transaction={ "data": "", "from": "0xb746c026656Ae2910F85CBdb607C739b04A8108c", "to": "0xFdf682F51FE81Aa4898F0AE2163d8A55c127fbC7" }, receipt={ "_type": "TransactionReceipt", "blobGasPrice": null, "blobGasUsed": "40848", "blockHash": "0x0000000000000000000000000000000000000000000000000000000000000000", "blockNumber": 50424319, "contractAddress": null, "cumulativeGasUsed": "13765668", "from": "0xb746c026656Ae2910F85CBdb607C739b04A8108c", "gasPrice": "7200000", "gasUsed": "41030", "hash": "0xa30938e416fba543c523cc2a1f7c5d9f335f3e7259f3577d1407e2e4415b60fd", "index": 41, "logs": [  ], "logsBloom": "0x00000000000000000000000000000000000000000000000000000000000000000000000000000000000000000000000000000000000000000000000000000000000000000000000000000000000000000000000000000000000000000000000000000000000000000000000000000000000000000000000000000000000000000000000000000000000000000000000000000000000000000000000000000000000000000000000000000000000000000000000000000000000000000000000000000000000000000000000000000000000000000000000000000000000000000000000000000000000000000000000000000000000000000000000000000000", "root": null, "status": 0, "to": "0xFdf682F51FE81Aa4898F0AE2163d8A55c127fbC7" }, code=CALL_EXCEPTION, version=6.17.0)

[2026-08-25 13:14:06] 📡 Memantau Blok: 50,424,550 | Total sell: 0 ...
[2026-08-25 13:14:08] 🛑 Bot dihentikan secara manual.
